============================= test session starts =============================
platform win32 -- Python 3.13.11, pytest-7.4.2, pluggy-1.6.0 -- C:\Users\cowle\AppData\Local\Programs\Python\Python313\python.exe
cachedir: .pytest_cache
rootdir: C:\Users\cowle\Documents\hodiny
collecting ... collected 15 items / 2 errors

=================================== ERRORS ====================================
______________________ ERROR collecting test_output.txt _______________________
..\..\AppData\Local\Programs\Python\Python313\Lib\site-packages\_pytest\runner.py:341: in from_call
    result: Optional[TResult] = func()
..\..\AppData\Local\Programs\Python\Python313\Lib\site-packages\_pytest\runner.py:372: in <lambda>
    call = CallInfo.from_call(lambda: list(collector.collect()), "collect")
..\..\AppData\Local\Programs\Python\Python313\Lib\site-packages\_pytest\doctest.py:427: in collect
    text = self.path.read_text(encoding)
..\..\AppData\Local\Programs\Python\Python313\Lib\pathlib\_local.py:546: in read_text
    return PathBase.read_text(self, encoding, errors, newline)
..\..\AppData\Local\Programs\Python\Python313\Lib\pathlib\_abc.py:633: in read_text
    return f.read()
<frozen codecs>:325: in decode
    ???
E   UnicodeDecodeError: 'utf-8' codec can't decode byte 0xff in position 0: invalid start byte
________________ ERROR collecting test_upload_functionality.py ________________
ImportError while importing test module 'C:\Users\cowle\Documents\hodiny\test_upload_functionality.py'.
Hint: make sure your test modules/packages have valid Python names.
Traceback:
..\..\AppData\Local\Programs\Python\Python313\Lib\importlib\__init__.py:88: in import_module
    return _bootstrap._gcd_import(name[level:], package, level)
test_upload_functionality.py:10: in <module>
    from app import app
app.py:20: in <module>
    from flask import (
E   ModuleNotFoundError: No module named 'flask'
=========================== short test summary info ===========================
ERROR test_output.txt - UnicodeDecodeError: 'utf-8' codec can't decode byte 0...
ERROR test_upload_functionality.py
!!!!!!!!!!!!!!!!!!! Interrupted: 2 errors during collection !!!!!!!!!!!!!!!!!!!
============================== 2 errors in 0.63s ==============================
